// Jest Snapshot v1, https://goo.gl/fbAQLP

exports[`Delete snapshot renders the component correctly 1`] = `
<LoadingAndErrorHandler
  loading={false}
>
  <button
    onClick={[Function]}
  >
    Delete
  </button>
</LoadingAndErrorHandler>
`;
